[INFO] Scanning for projects...
[INFO] 
[INFO] --------------------------< com.bustech:erp >---------------------------
[INFO] Building bustech-erp 1.0.0-SNAPSHOT
[INFO]   from pom.xml
[INFO] --------------------------------[ jar ]---------------------------------
[INFO] 
[INFO] --- resources:3.3.1:resources (default-resources) @ erp ---
[INFO] Copying 3 resources from src\main\resources to target\classes
[INFO] Copying 11 resources from src\main\resources to target\classes
[INFO] 
[INFO] --- compiler:3.14.0:compile (default-compile) @ erp ---
[INFO] Recompiling the module because of added or removed source files.
[INFO] Compiling 112 source files with javac [debug parameters release 25] to target\classes
mvn : WARNING: A terminally deprecated method in sun.misc.Unsafe has been 
called
No linha:1 caractere:439
+ ... ORT="8081"; mvn test-compile "-Dspring.profiles.active=dev" 2>&1 | Te ...
+                 ~~~~~~~~~~~~~~~~~~~~~~~~~~~~~~~~~~~~~~~~~~~~~~~~~~~~
    + CategoryInfo          : NotSpecified: (WARNING: A term...has been called 
   :String) [], RemoteException
    + FullyQualifiedErrorId : NativeCommandError
 
WARNING: sun.misc.Unsafe::objectFieldOffset has been called by 
lombok.permit.Permit
WARNING: Please consider reporting this to the maintainers of class 
lombok.permit.Permit
WARNING: sun.misc.Unsafe::objectFieldOffset will be removed in a future release
[INFO] /C:/Users/felip/OneDrive/Documentos/crm-erp-backend/src/main/java/com/bustech/erp/config/SecurityConfig.java: Some input files use or override a deprecated API.
[INFO] /C:/Users/felip/OneDrive/Documentos/crm-erp-backend/src/main/java/com/bustech/erp/config/SecurityConfig.java: Recompile with -Xlint:deprecation for details.
[INFO] 
[INFO] --- resources:3.3.1:testResources (default-testResources) @ erp ---
[INFO] skip non existing resourceDirectory C:\Users\felip\OneDrive\Documentos\crm-erp-backend\src\test\resources
[INFO] 
[INFO] --- compiler:3.14.0:testCompile (default-testCompile) @ erp ---
[INFO] Recompiling the module because of changed dependency.
[INFO] Compiling 6 source files with javac [debug parameters release 25] to target\test-classes
[INFO] ------------------------------------------------------------------------
[INFO] BUILD SUCCESS
[INFO] ------------------------------------------------------------------------
[INFO] Total time:  37.153 s
[INFO] Finished at: 2026-04-09T10:26:23-03:00
[INFO] ------------------------------------------------------------------------
